下記はコマンド履歴です
PS B:\Project sample\git_challenge> mkdir kadai_005


    ディレクトリ: B:\Project sample\git_challenge


Mode                 LastWriteTime         Length Name
----                 -------------         ------ ----
d-----        2024/10/08      0:09                kadai_005


PS B:\Project sample\git_challenge> cd kadai_005 
PS B:\Project sample\git_challenge> echo "Hello,world" > hello_world.txt
PS B:\Project sample\git_challenge> git add hello_world.txt
PS B:\Project sample\git_challenge> git commit -m "hello_world.txtを追加"
[main 77d0547] hello_world.txtを追加
 1 file changed, 0 insertions(+), 0 deletions(-)
 create mode 100644 hello_world.txt
PS B:\Project sample\git_challenge> git add hello_world.txt
PS B:\Project sample\git_challenge> git commit -m "こんにちわ、世界！を追加"
[main 007446f] こんにちわ、世界！を追加
 1 file changed, 0 insertions(+), 0 deletions(-)
PS B:\Project sample\git_challenge> git status

PS B:\Project sample\git_challenge> git log --oneline
007446f (HEAD -> main) こんにちわ、世界！を追加
77d0547 hello_world.txtを追加
267c6f2 ファイルを削除
fada1b8 hello_world.txtを追加
